[eurotas-demo.myshopify.com/index3631.html]
[backblue.gif]
[fade.gif]
[index.html]
[eurotas-demo.myshopify.com/cdn/shop/t/18/assets/favicon7105.png]
[eurotas-demo.myshopify.com/cdn/shop/t/18/assets/icon-for-mobileb7fc.png]
[eurotas-demo.myshopify.com/cdn/shop/t/18/assets/icon-for-mobile_57x57b7fc.png]
[eurotas-demo.myshopify.com/cdn/shop/t/18/assets/icon-for-mobile_60x60b7fc.png]
[eurotas-demo.myshopify.com/cdn/shop/t/18/assets/icon-for-mobile_72x72b7fc.png]
[eurotas-demo.myshopify.com/cdn/shop/t/18/assets/icon-for-mobile_76x76b7fc.png]
[eurotas-demo.myshopify.com/cdn/shop/t/18/assets/icon-for-mobile_114x114b7fc.png]
[eurotas-demo.myshopify.com/cdn/shop/t/18/assets/icon-for-mobile_120x120b7fc.png]
[eurotas-demo.myshopify.com/cdn/shop/t/18/assets/icon-for-mobile_144x144b7fc.png]
[eurotas-demo.myshopify.com/cdn/shop/t/18/assets/icon-for-mobile_152x152b7fc.png]
[eurotas-demo.myshopify.com/cdn/shop/t/18/assets/logo88c6.png]
[eurotas-demo.myshopify.com/cdn/shop/t/18/assets/timber.scssf628.css]
[eurotas-demo.myshopify.com/index.html]
[eurotas-demo.myshopify.com/cdn/shop/t/18/assets/bootstrap.min3146.css]
[eurotas-demo.myshopify.com/cdn/shop/t/18/assets/lineariconsc8c1.css]
[eurotas-demo.myshopify.com/cdn/shop/t/18/assets/themify-icons0c8c.css]
[eurotas-demo.myshopify.com/cdn/shop/t/18/assets/linea-ecommerce1029c7.css]
[eurotas-demo.myshopify.com/cdn/shop/t/18/assets/font-awesome.mina07f.css]
[eurotas-demo.myshopify.com/cdn/shop/t/18/assets/slick2a6c.css]
[eurotas-demo.myshopify.com/cdn/shop/t/18/assets/slick-theme95af.css]
[eurotas-demo.myshopify.com/cdn/shop/t/18/assets/jquery.fancybox.minea59.css]
[eurotas-demo.myshopify.com/cdn/shop/t/18/assets/engo-customize.scss6b1d.css]
[eurotas-demo.myshopify.com/checkouts/internal/preloadsaad9.js]
[eurotas-demo.myshopify.com/cdn/shopifycloud/shopify/assets/storefront/load_feature-9f951eb7d8d53973c719de211f807d63af81c644e5b9a6ae72661ac408d472f6.js]
[eurotas-demo.myshopify.com/cdn/shopifycloud/portable-wallets/latest/portable-wallets.en.js]
[eurotas-demo.myshopify.com/cdn/shop/t/18/compiled_assets/styles88c6.css]
[eurotas-demo.myshopify.com/cdn/shop/t/18/compiled_assets/scripts88c6.js]
[ajax.googleapis.com/ajax/libs/jquery/1.11.0/jquery.min.js]
[eurotas-demo.myshopify.com/cdn/shopifycloud/shopify/assets/themes_support/api.jquery-b0af070cfe3f5cf7c92f9e2a5da2665ee07ed2aad63bb408f8d6672f894a5996.js]
[eurotas-demo.myshopify.com/cdn/shop/t/18/assets/modernizr-2.8.3.min4e1f.js]
[eurotas-demo.myshopify.com/cdn/shopifycloud/shopify/assets/themes_support/option_selection-86cdd286ddf3be7e25d68b9fc5965d7798a3ff6228ff79af67b3f4e41d6a34be.js]
[eurotas-demo.myshopify.com/cdn/shop/t/18/assets/loadercdfe.gif]
[eurotas-demo.myshopify.com/POST]
[eurotas-demo.myshopify.com/cdn]
[eurotas-demo.myshopify.com/cdn/s/trekkie.storefront.dd626a6a6fbdab104f8779acc4331c330134c832.min.js]
[eurotas-demo.myshopify.com/cdn/shopifycloud/shopify/assets/shop_events_listener-61fa9e0a912c675e178777d2b27f6cbd482f8912a6b0aa31fa3515985a8cd626.js]
[eurotas-demo.myshopify.com/cdn/shopifycloud/boomerang/shopify-boomerang-1.0.0.min.js]
[eurotas-demo.myshopify.com/cdn/shop/files/logo-blacke1f1.png]
[eurotas-demo.myshopify.com/collections/all.html]
[eurotas-demo.myshopify.com/collections/all3631.html]
[eurotas-demo.myshopify.com/products/air-jordan-xxxiii61ba.html]
[eurotas-demo.myshopify.com/products/pod-s3-1-shoes-2b7f6.html]
[eurotas-demo.myshopify.com/account/login4236.html]
[eurotas-demo.myshopify.com/collections.html]
[eurotas-demo.myshopify.com/blogs/news/ola-volo-s-footprints-in-folklore.html]
[eurotas-demo.myshopify.com/pages/about-us.html]
[eurotas-demo.myshopify.com/pages/contact.html]
[eurotas-demo.myshopify.com/pages/wish-list.html]
[eurotas-demo.myshopify.com/404error]
[eurotas-demo.myshopify.com/cdn/shop/files/vertical-bannerf6ab.jpg]
[eurotas-demo.myshopify.com/cdn/shop/files/logocbc8.png]
[eurotas-demo.myshopify.com/cdn/shop/files/bg-verticalbb2b.jpg]
[eurotas-demo.myshopify.com/cdn/shop/files/bg-slideshow-v1ad7c.jpg]
[eurotas-demo.myshopify.com/cdn/shop/files/slideshow-img1ad7c.png]
[eurotas-demo.myshopify.com/cdn/shop/files/banner-v1-img1cf19.jpg]
[eurotas-demo.myshopify.com/cdn/shop/files/banner-v1-img2cf19.jpg]
[eurotas-demo.myshopify.com/cdn/shop/files/banner-v2-img17a97.jpg]
[eurotas-demo.myshopify.com/cdn/shop/files/banner-v2-img2769f.jpg]
[eurotas-demo.myshopify.com/products/air-jordan-xxxiii.html]
[eurotas-demo.myshopify.com/cdn/shop/products/product-12289.jpg]
[eurotas-demo.myshopify.com/cdn/shop/products/Layer-266042.jpg]
[eurotas-demo.myshopify.com/cdn/shop/products/Layer-270b03.jpg]
[eurotas-demo.myshopify.com/cdn/shop/products/Layer-287aeb.jpg]
[eurotas-demo.myshopify.com/cdn/shop/products/Layer-299991.jpg]
[eurotas-demo.myshopify.com/account/login.html]
[eurotas-demo.myshopify.com/products/yung-1-shoes.html]
[eurotas-demo.myshopify.com/cdn/shop/products/product-v1-img26842.jpg]
[eurotas-demo.myshopify.com/products/mobius-og.html]
[eurotas-demo.myshopify.com/cdn/shop/products/product-v1-img3bb0e.jpg]
[eurotas-demo.myshopify.com/products/reebok-split-fuel.html]
[eurotas-demo.myshopify.com/cdn/shop/products/product-v1-img4885d.jpg]
[eurotas-demo.myshopify.com/cdn/shop/files/brand-v1-img1a33f.png]
[eurotas-demo.myshopify.com/cdn/shop/files/brand-v1-img2a33f.png]
[eurotas-demo.myshopify.com/cdn/shop/files/brand-v1-img3a33f.png]
[eurotas-demo.myshopify.com/cdn/shop/files/brand-v1-img4a33f.png]
[eurotas-demo.myshopify.com/cdn/shop/files/brand-v1-img5a33f.png]
[eurotas-demo.myshopify.com/cdn/shop/files/banner-v3-imgcd4f.jpg]
[eurotas-demo.myshopify.com/cdn/shop/files/countdown-v1-img4a0d.jpg]
[eurotas-demo.myshopify.com/cdn/shop/files/banner-v3-img27914.jpg]
[eurotas-demo.myshopify.com/cdn/shop/files/banner-v3-img17914.jpg]
[eurotas-demo.myshopify.com/cdn/shop/files/bg-newsletter-v1ff8f.jpg]
[eurotas-demo.myshopify.com/cdn/shop/files/payment709c.png]
[eurotas-demo.myshopify.com/cdn/shop/t/18/assets/fastclick119c.js]
[eurotas-demo.myshopify.com/services/javascripts/currencies.js]
[eurotas-demo.myshopify.com/cdn/shop/t/18/assets/jquery.currencies.min0a2b.js]
[eurotas-demo.myshopify.com/cdn/shop/t/18/assets/timber978f.js]
[eurotas-demo.myshopify.com/cdn/shop/t/18/assets/handlebars.min705e.js]
[eurotas-demo.myshopify.com/cdn/shop/t/18/assets/ajax-cartf508.js]
[eurotas-demo.myshopify.com/cdn/shop/t/18/assets/bootstrap.bundle.min9323.js]
[eurotas-demo.myshopify.com/cdn/shop/t/18/assets/slick.mindfd9.js]
[eurotas-demo.myshopify.com/cdn/shop/t/18/assets/jquery.matchHeight2af5.js]
[eurotas-demo.myshopify.com/cdn/shop/t/18/assets/instafeed.min7654.js]
[eurotas-demo.myshopify.com/cdn/shop/t/18/assets/jquery.fancybox.min2237.js]
[eurotas-demo.myshopify.com/cdn/shop/t/18/assets/engo-pluginsf040.js]
[eurotas-demo.myshopify.com/cdn/shop/t/18/assets/quickviewb0c5.js]
[eurotas-demo.myshopify.com/cdn/shop/t/18/assets/collection1e4b.js]
[eurotas-demo.myshopify.com/cdn/shop/t/18/assets/engo-scripts6cd1.js]
[eurotas-demo.myshopify.com/cart.html]
[eurotas-demo.myshopify.com/cdn/shop/files/popup-img216c.jpg]
[eurotas-demo.myshopify.com/index3631.html]
[eurotas-demo.myshopify.com/cdn/shop/t/18/assets/logo88c6.html]
[eurotas-demo.myshopify.com/index.html]
[eurotas-demo.myshopify.com/cdn/shop/t/18/assets/iconscb24.eot]
[eurotas-demo.myshopify.com/cdn/shop/t/18/assets/iconscb24.woff]
[eurotas-demo.myshopify.com/cdn/shop/t/18/assets/iconscb24.ttf]
[eurotas-demo.myshopify.com/cdn/shop/t/18/assets/iconscb24.svg]
[eurotas-demo.myshopify.com/cdn/shop/t/18/assets/timber.scssf628.css]
[eurotas-demo.myshopify.com/cdn/shop/t/18/assets/bootstrap.min3146.css]
[eurotas-demo.myshopify.com/cdn/shop/t/18/assets/Linearicons-Free54e9.eot]
[eurotas-demo.myshopify.com/cdn/shop/t/18/assets/Linearicons-Freed41d.eot]
[eurotas-demo.myshopify.com/cdn/shop/t/18/assets/Linearicons-Free54e9.woff2]
[eurotas-demo.myshopify.com/cdn/shop/t/18/assets/Linearicons-Free54e9.woff]
[eurotas-demo.myshopify.com/cdn/shop/t/18/assets/Linearicons-Free54e9.ttf]
[eurotas-demo.myshopify.com/cdn/shop/t/18/assets/lineariconsc8c1.css]
[eurotas-demo.myshopify.com/cdn/shop/t/18/assets/Linearicons-Free54e9.svg]
[eurotas-demo.myshopify.com/cdn/shop/t/18/assets/themify9f24.eot]
[eurotas-demo.myshopify.com/cdn/shop/t/18/assets/themifyd41d.eot]
[eurotas-demo.myshopify.com/cdn/shop/t/18/assets/themify9f24.woff]
[eurotas-demo.myshopify.com/cdn/shop/t/18/assets/themify9f24.ttf]
[eurotas-demo.myshopify.com/cdn/shop/t/18/assets/themify-icons0c8c.css]
[eurotas-demo.myshopify.com/cdn/shop/t/18/assets/themify9f24.svg]
[eurotas-demo.myshopify.com/cdn/shop/t/18/assets/linea-ecommerce-10.eot]
[eurotas-demo.myshopify.com/cdn/shop/t/18/assets/linea-ecommerce-10d41d.eot]
[eurotas-demo.myshopify.com/cdn/shop/t/18/assets/linea-ecommerce-10.woff]
[eurotas-demo.myshopify.com/cdn/shop/t/18/assets/linea-ecommerce-10.ttf]
[eurotas-demo.myshopify.com/cdn/shop/t/18/assets/linea-ecommerce1029c7.css]
[eurotas-demo.myshopify.com/cdn/shop/t/18/assets/linea-ecommerce-10.svg]
[eurotas-demo.myshopify.com/cdn/shop/t/18/assets/fontawesome-webfont3e6e.eot]
[eurotas-demo.myshopify.com/cdn/shop/t/18/assets/fontawesome-webfontd41d.eot]
[eurotas-demo.myshopify.com/cdn/shop/t/18/assets/fontawesome-webfont3e6e.woff2]
[eurotas-demo.myshopify.com/cdn/shop/t/18/assets/fontawesome-webfont3e6e.woff]
[eurotas-demo.myshopify.com/cdn/shop/t/18/assets/fontawesome-webfont3e6e.ttf]
[eurotas-demo.myshopify.com/cdn/shop/t/18/assets/font-awesome.mina07f.css]
[eurotas-demo.myshopify.com/cdn/shop/t/18/assets/slick2a6c.css]
[eurotas-demo.myshopify.com/cdn/shop/t/18/assets/fontawesome-webfont3e6e.svg]
[eurotas-demo.myshopify.com/cdn/shop/t/18/assets/ajax-loader.gif]
[eurotas-demo.myshopify.com/cdn/shop/t/18/assets/slick.eot]
[eurotas-demo.myshopify.com/cdn/shop/t/18/assets/slickd41d.eot]
[eurotas-demo.myshopify.com/cdn/shop/t/18/assets/slick.woff]
[eurotas-demo.myshopify.com/cdn/shop/t/18/assets/slick.ttf]
[eurotas-demo.myshopify.com/cdn/shop/t/18/assets/slick.svg]
[eurotas-demo.myshopify.com/cdn/shop/t/18/assets/slick-theme95af.css]
[eurotas-demo.myshopify.com/cdn/shop/t/18/assets/jquery.fancybox.minea59.css]
[eurotas-demo.myshopify.com/cdn/shop/t/18/assets/engo-customize.scss6b1d.css]
[shop.app/checkouts/internal/preloadsd9f4.js]
[eurotas-demo.myshopify.com/cdn/shop/t/18/compiled_assets/styles88c6.css]
[eurotas-demo.myshopify.com/cdn/shop/files/index88c6.html]
[eurotas-demo.myshopify.com/POST.html]
[eurotas-demo.myshopify.com/cdn.html]
[eurotas-demo.myshopify.com/collections/all.atom]
[eurotas-demo.myshopify.com/collections/all4658.html]
[eurotas-demo.myshopify.com/collections/POST]
[eurotas-demo.myshopify.com/cdn/shop/files/bg-blogbc6b.jpg]
[eurotas-demo.myshopify.com/products/crazy-byw-x-shoes.html]
[eurotas-demo.myshopify.com/cdn/shop/products/product-v1-img11429e.jpg]
[eurotas-demo.myshopify.com/products/jordan-grind-2-unc.html]
[eurotas-demo.myshopify.com/cdn/shop/products/product-5_1525fd60-44a7-4300-8c09-7869ff6eb27445af.jpg]
[eurotas-demo.myshopify.com/cdn/shop/products/product-6fa83.jpg]
[eurotas-demo.myshopify.com/cdn/shop/products/product-788e2.jpg]
[eurotas-demo.myshopify.com/cdn/shop/products/product-888e2.jpg]
[eurotas-demo.myshopify.com/products/jordan-zer0-1-low-n7.html]
[eurotas-demo.myshopify.com/cdn/shop/products/product-v1-img70a34.jpg]
[eurotas-demo.myshopify.com/products/nemeziz-18-firm-ground-cleats.html]
[eurotas-demo.myshopify.com/cdn/shop/products/product-v1-img65dc7.jpg]
[eurotas-demo.myshopify.com/collections/all.html]
[eurotas-demo.myshopify.com/indexca37.html]
[eurotas-demo.myshopify.com/indexab5c.html]
[eurotas-demo.myshopify.com/indexf218.html]
[eurotas-demo.myshopify.com/indexa2d3.html]
[eurotas-demo.myshopify.com/index884e.html]
[eurotas-demo.myshopify.com/collections/all9ba9.html]
[eurotas-demo.myshopify.com/index98b8.html]
[eurotas-demo.myshopify.com/collections/all3631.html]
[eurotas-demo.myshopify.com/collections/all/indexf218.html]
[eurotas-demo.myshopify.com/collections/all/indexa2d3.html]
[eurotas-demo.myshopify.com/collections/all/indexab5c.html]
[eurotas-demo.myshopify.com/collections/all/index884e.html]
[eurotas-demo.myshopify.com/collections/all98b8.html]
[eurotas-demo.myshopify.com/cdn/shop/t/19/assets/favicon97af.png]
[eurotas-demo.myshopify.com/cdn/shop/t/19/assets/icon-for-mobileca55.png]
[eurotas-demo.myshopify.com/cdn/shop/t/19/assets/icon-for-mobile_57x57ca55.png]
[eurotas-demo.myshopify.com/cdn/shop/t/19/assets/icon-for-mobile_60x60ca55.png]
[eurotas-demo.myshopify.com/cdn/shop/t/19/assets/icon-for-mobile_72x72ca55.png]
[eurotas-demo.myshopify.com/cdn/shop/t/19/assets/icon-for-mobile_76x76ca55.png]
[eurotas-demo.myshopify.com/cdn/shop/t/19/assets/icon-for-mobile_114x114ca55.png]
[eurotas-demo.myshopify.com/cdn/shop/t/19/assets/icon-for-mobile_120x120ca55.png]
[eurotas-demo.myshopify.com/cdn/shop/t/19/assets/icon-for-mobile_144x144ca55.png]
[eurotas-demo.myshopify.com/cdn/shop/t/19/assets/icon-for-mobile_152x152ca55.png]
[eurotas-demo.myshopify.com/cdn/shop/products/product-1_grande2289.jpg]
[eurotas-demo.myshopify.com/cdn/shop/products/Layer-26_grande6042.jpg]
[eurotas-demo.myshopify.com/cdn/shop/products/Layer-27_grande0b03.jpg]
[eurotas-demo.myshopify.com/cdn/shop/products/product-1_medium2289.jpg]
[eurotas-demo.myshopify.com/cdn/shop/t/19/assets/timber.scss241a.css]
[eurotas-demo.myshopify.com/cdn/shop/t/19/assets/bootstrap.min1a67.css]
[eurotas-demo.myshopify.com/cdn/shop/t/19/assets/linearicons4469.css]
[eurotas-demo.myshopify.com/cdn/shop/t/19/assets/themify-iconsd8b7.css]
[eurotas-demo.myshopify.com/cdn/shop/t/19/assets/linea-ecommerce106980.css]
[eurotas-demo.myshopify.com/cdn/shop/t/19/assets/font-awesome.min1d24.css]
[eurotas-demo.myshopify.com/cdn/shop/t/19/assets/slick0c29.css]
[eurotas-demo.myshopify.com/cdn/shop/t/19/assets/slick-themed8d2.css]
[eurotas-demo.myshopify.com/cdn/shop/t/19/assets/jquery.fancybox.min4f11.css]
[eurotas-demo.myshopify.com/cdn/shop/t/19/assets/engo-customize.scss1cfc.css]
[eurotas-demo.myshopify.com/products/air-jordan-xxxiii.oembed]
[eurotas-demo.myshopify.com/cdn/shopifycloud/shopify/assets/storefront/bars/preview_bar_injector-a34ad71e81d817c255fe9239b1dfd13e3237cb01f8d44ceae72c50dddb398ae3.js]
[eurotas-demo.myshopify.com/cdn/shop/t/19/assets/modernizr-2.8.3.min7d71.js]
[eurotas-demo.myshopify.com/cdn/shop/t/19/assets/loader1319.gif]
[eurotas-demo.myshopify.com/products/POST]
[eurotas-demo.myshopify.com/collections/featured-product.html]
[eurotas-demo.myshopify.com/collections/frontpage.html]
[eurotas-demo.myshopify.com/collections/new-arrival.html]
[cdn.shopify.com/s/files/1/0145/5613/5478/files/product-des-img1ee35.jpg]
[cdn.shopify.com/s/files/1/0145/5613/5478/files/product-des-img26a35.jpg]
[cdn.shopify.com/s/files/1/0145/5613/5478/files/product-des-img313bb.jpg]
[eurotas-demo.myshopify.com/cdn/shop/files/banner-footer9fc3.jpg]
[eurotas-demo.myshopify.com/cdn/shop/t/19/assets/fastclick918a.js]
[eurotas-demo.myshopify.com/cdn/shop/t/19/assets/jquery.currencies.min80a1.js]
[eurotas-demo.myshopify.com/cdn/shop/t/19/assets/timber34f6.js]
[eurotas-demo.myshopify.com/cdn/shop/t/19/assets/handlebars.minfcfd.js]
[eurotas-demo.myshopify.com/cdn/shop/t/19/assets/ajax-cart4c7f.js]
[eurotas-demo.myshopify.com/cdn/shop/t/19/assets/bootstrap.bundle.mincd70.js]
[eurotas-demo.myshopify.com/cdn/shop/t/19/assets/slick.min3e05.js]
[eurotas-demo.myshopify.com/cdn/shop/t/19/assets/jquery.matchHeight310c.js]
[eurotas-demo.myshopify.com/cdn/shop/t/19/assets/instafeed.minb540.js]
[eurotas-demo.myshopify.com/cdn/shop/t/19/assets/jquery.fancybox.minbcdd.js]
[eurotas-demo.myshopify.com/cdn/shop/t/19/assets/engo-pluginsbb55.js]
[eurotas-demo.myshopify.com/cdn/shop/t/19/assets/quickview579e.js]
[eurotas-demo.myshopify.com/cdn/shop/t/19/assets/collection2f30.js]
[eurotas-demo.myshopify.com/products/air-jordan-xxxiii61ba.html]
[eurotas-demo.myshopify.com/cdn/shop/t/19/assets/engo-scripts0c9e.js]
[eurotas-demo.myshopify.com/cdn/shop/products/Layer-36_grande66aa.jpg]
[eurotas-demo.myshopify.com/cdn/shop/products/Layer-46_grande66aa.jpg]
[eurotas-demo.myshopify.com/cdn/shop/products/Layer-42_grande66aa.jpg]
[eurotas-demo.myshopify.com/products/pod-s3-1-shoes-2.html]
[eurotas-demo.myshopify.com/cdn/shop/products/Layer-36_medium66aa.jpg]
[eurotas-demo.myshopify.com/products/pod-s3-1-shoes-2.oembed]
[eurotas-demo.myshopify.com/cdn/shop/products/Layer-3666aa.jpg]
[eurotas-demo.myshopify.com/cdn/shop/products/Layer-4666aa.jpg]
[eurotas-demo.myshopify.com/cdn/shop/products/Layer-4266aa.jpg]
[eurotas-demo.myshopify.com/cdn/shop/products/Layer-4466aa.jpg]
[eurotas-demo.myshopify.com/cdn/shop/products/Layer-4566aa.jpg]
[eurotas-demo.myshopify.com/cdn/shop/products/Layer-3766aa.jpg]
[eurotas-demo.myshopify.com/cdn/shop/products/Layer-3866aa.jpg]
[eurotas-demo.myshopify.com/cdn/shop/products/Layer-4866aa.jpg]
[eurotas-demo.myshopify.com/cdn/shop/products/Layer-3966aa.jpg]
[eurotas-demo.myshopify.com/cdn/shop/products/Layer-4766aa.jpg]
[eurotas-demo.myshopify.com/cdn/shop/products/Layer-4066aa.jpg]
[eurotas-demo.myshopify.com/cdn/shop/products/Layer-4166aa.jpg]
[eurotas-demo.myshopify.com/cdn/shop/products/Layer-4366aa.jpg]
[eurotas-demo.myshopify.com/products/pod-s3-1-shoes-2b7f6.html]
[eurotas-demo.myshopify.com/collections/featured-product/products/air-jordan-xxxiii.html]
[eurotas-demo.myshopify.com/cdn/shop/t/20/assets/faviconbcc0.png]
[eurotas-demo.myshopify.com/cdn/shop/t/20/assets/icon-for-mobile265b.png]
[eurotas-demo.myshopify.com/cdn/shop/t/20/assets/icon-for-mobile_57x57265b.png]
[eurotas-demo.myshopify.com/cdn/shop/t/20/assets/icon-for-mobile_60x60265b.png]
[eurotas-demo.myshopify.com/cdn/shop/t/20/assets/icon-for-mobile_72x72265b.png]
[eurotas-demo.myshopify.com/cdn/shop/t/20/assets/icon-for-mobile_76x76265b.png]
[eurotas-demo.myshopify.com/cdn/shop/t/20/assets/icon-for-mobile_114x114265b.png]
[eurotas-demo.myshopify.com/cdn/shop/t/20/assets/icon-for-mobile_120x120265b.png]
[eurotas-demo.myshopify.com/cdn/shop/t/20/assets/icon-for-mobile_144x144265b.png]
[eurotas-demo.myshopify.com/cdn/shop/t/20/assets/icon-for-mobile_152x152265b.png]
[eurotas-demo.myshopify.com/cdn/shop/t/20/assets/logo88c6.png]
[eurotas-demo.myshopify.com/cdn/shop/t/20/assets/timber.scssf8ca.css]
[eurotas-demo.myshopify.com/cdn/shop/t/20/assets/bootstrap.minee86.css]
[eurotas-demo.myshopify.com/cdn/shop/t/20/assets/linearicons65b1.css]
[eurotas-demo.myshopify.com/cdn/shop/t/20/assets/themify-icons10ec.css]
[eurotas-demo.myshopify.com/cdn/shop/t/20/assets/linea-ecommerce107229.css]
[eurotas-demo.myshopify.com/cdn/shop/t/20/assets/font-awesome.min8a70.css]
[eurotas-demo.myshopify.com/cdn/shop/t/20/assets/slicke19e.css]
[eurotas-demo.myshopify.com/cdn/shop/t/20/assets/slick-theme3fff.css]
[eurotas-demo.myshopify.com/cdn/shop/t/20/assets/jquery.fancybox.minfe59.css]
[eurotas-demo.myshopify.com/cdn/shop/t/20/assets/engo-customize.scss8808.css]
[eurotas-demo.myshopify.com/cdn/shop/t/20/assets/modernizr-2.8.3.min1165.js]
[eurotas-demo.myshopify.com/cdn/shop/t/20/assets/loader66e8.gif]
[eurotas-demo.myshopify.com/cdn/shopifycloud/shopify/assets/themes_support/shopify_common-33bb9d312118840468a53f36b59c62c1e8f2b7d1a0a77250db9e300441827470.js]
[eurotas-demo.myshopify.com/account/POST]
[eurotas-demo.myshopify.com/cdn/shop/t/20/assets/fastclick211f.js]
[eurotas-demo.myshopify.com/cdn/shop/t/20/assets/jquery.currencies.minec65.js]
[eurotas-demo.myshopify.com/cdn/shop/t/20/assets/timber56ab.js]
[eurotas-demo.myshopify.com/cdn/shop/t/20/assets/handlebars.minc814.js]
[eurotas-demo.myshopify.com/cdn/shop/t/20/assets/ajax-cart7dd2.js]
[eurotas-demo.myshopify.com/cdn/shop/t/20/assets/bootstrap.bundle.min8759.js]
[eurotas-demo.myshopify.com/cdn/shop/t/20/assets/slick.min2f5c.js]
[eurotas-demo.myshopify.com/cdn/shop/t/20/assets/jquery.matchHeight3fe3.js]
[eurotas-demo.myshopify.com/cdn/shop/t/20/assets/instafeed.min2981.js]
[eurotas-demo.myshopify.com/cdn/shop/t/20/assets/jquery.fancybox.min5910.js]
[eurotas-demo.myshopify.com/cdn/shop/t/20/assets/engo-pluginse475.js]
[eurotas-demo.myshopify.com/cdn/shop/t/20/assets/quickview218b.js]
[eurotas-demo.myshopify.com/cdn/shop/t/20/assets/collectioneb12.js]
[eurotas-demo.myshopify.com/account/login4236.html]
[eurotas-demo.myshopify.com/cdn/shop/t/20/assets/engo-scripts0c0e.js]
[eurotas-demo.myshopify.com/cdn/shop/t/20/compiled_assets/styles88c6.css]
[eurotas-demo.myshopify.com/cdn/shop/t/20/compiled_assets/scripts88c6.js]
[eurotas-demo.myshopify.com/collections.html]
[eurotas-demo.myshopify.com/collections/best-sellers.html]
[eurotas-demo.myshopify.com/blogs/news/indexca37.html]
[eurotas-demo.myshopify.com/blogs/news/indexa2d3.html]
[eurotas-demo.myshopify.com/blogs/news/indexab5c.html]
[eurotas-demo.myshopify.com/blogs/news/indexf218.html]
[eurotas-demo.myshopify.com/blogs/news/index884e.html]
[eurotas-demo.myshopify.com/blogs/news98b8.html]
[cdn.shopify.com/s/files/1/0145/5613/5478/files/blog-post-img11baa.jpg]
[eurotas-demo.myshopify.com/blogs/news.atom]
[eurotas-demo.myshopify.com/blogs/news/POST]
[eurotas-demo.myshopify.com/blogs/news.html]
[eurotas-demo.myshopify.com/blogs/news/the-love-at-first-sight-boots.html]
[eurotas-demo.myshopify.com/cdn/shop/articles/blog1_1024x10249b50.jpg]
[eurotas-demo.myshopify.com/blogs/news/shoes-for-the-big-day-1.html]
[eurotas-demo.myshopify.com/cdn/shop/articles/blog2_1ee6f02e-5130-4b0e-9576-6e00b1266a7d_1024x1024f102.jpg]
[eurotas-demo.myshopify.com/blogs/news/shoes-for-the-big-day.html]
[eurotas-demo.myshopify.com/cdn/shop/articles/blog3_1024x102452eb.jpg]
[eurotas-demo.myshopify.com/blogs/news/tagged/art.html]
[eurotas-demo.myshopify.com/blogs/news/tagged/creative.html]
[eurotas-demo.myshopify.com/blogs/news/tagged/emagazine.html]
[eurotas-demo.myshopify.com/blogs/news/tagged/fashion.html]
[eurotas-demo.myshopify.com/blogs/news/tagged/high-top.html]
[eurotas-demo.myshopify.com/blogs/news/tagged/lifestyle.html]
[eurotas-demo.myshopify.com/blogs/news/tagged/running.html]
[eurotas-demo.myshopify.com/blogs/news/tagged/shoes.html]
[eurotas-demo.myshopify.com/blogs/news/tagged/slides.html]
[eurotas-demo.myshopify.com/blogs/news/tagged/sneaker.html]
[eurotas-demo.myshopify.com/blogs/news/tagged/sports.html]
[cdn.shopify.com/s/files/1/0145/5613/5478/files/blog-post-img2b82c.jpg]
[eurotas-demo.myshopify.com/blogs/news/ola-volo-s-footprints-in-folklore.html]
[eurotas-demo.myshopify.com/cdn/shop/t/19/assets/logo88c6.png]
[eurotas-demo.myshopify.com/cdn/shop/t/19/compiled_assets/styles88c6.css]
[eurotas-demo.myshopify.com/cdn/shop/t/19/compiled_assets/scripts88c6.js]
[eurotas-demo.myshopify.com/pages/POST.1f7.delayed]
[eurotas-demo.myshopify.com/cdn/shop/files/bg-contact1a4a.jpg]
[eurotas-demo.myshopify.com/cdn/shop/files/sign-aboutus33f7.png]
[eurotas-demo.myshopify.com/cdn/shop/files/bg-videoed3f.jpg]
[eurotas-demo.myshopify.com/cdn/shop/files/team133f7.jpg]
[eurotas-demo.myshopify.com/cdn/shop/files/team233f7.jpg]
[eurotas-demo.myshopify.com/cdn/shop/files/team333f7.jpg]
[eurotas-demo.myshopify.com/cdn/shop/files/team433f7.jpg]
[eurotas-demo.myshopify.com/pages/about-us.html]
[eurotas-demo.myshopify.com/cdn/shop/t/5/assets/faviconb845.png]
[eurotas-demo.myshopify.com/cdn/shop/t/5/assets/icon-for-mobilecf98.png]
[eurotas-demo.myshopify.com/cdn/shop/t/5/assets/icon-for-mobile_57x57cf98.png]
[eurotas-demo.myshopify.com/cdn/shop/t/5/assets/icon-for-mobile_60x60cf98.png]
[eurotas-demo.myshopify.com/cdn/shop/t/5/assets/icon-for-mobile_72x72cf98.png]
[eurotas-demo.myshopify.com/cdn/shop/t/5/assets/icon-for-mobile_76x76cf98.png]
[eurotas-demo.myshopify.com/cdn/shop/t/5/assets/icon-for-mobile_114x114cf98.png]
[eurotas-demo.myshopify.com/cdn/shop/t/5/assets/icon-for-mobile_120x120cf98.png]
[eurotas-demo.myshopify.com/cdn/shop/t/5/assets/icon-for-mobile_144x144cf98.png]
[eurotas-demo.myshopify.com/cdn/shop/t/5/assets/icon-for-mobile_152x152cf98.png]
[eurotas-demo.myshopify.com/cdn/shop/t/5/assets/logo88c6.png]
[eurotas-demo.myshopify.com/cdn/shop/t/5/assets/timber.scss701b.css]
[eurotas-demo.myshopify.com/cdn/shop/t/5/assets/bootstrap.min6531.css]
[eurotas-demo.myshopify.com/cdn/shop/t/5/assets/linearicons3f40.css]
[eurotas-demo.myshopify.com/cdn/shop/t/5/assets/themify-icons8483.css]
[eurotas-demo.myshopify.com/cdn/shop/t/5/assets/linea-ecommerce10e6ac.css]
[eurotas-demo.myshopify.com/cdn/shop/t/5/assets/font-awesome.min4552.css]
[eurotas-demo.myshopify.com/cdn/shop/t/5/assets/slick9754.css]
[eurotas-demo.myshopify.com/cdn/shop/t/5/assets/slick-theme5377.css]
[eurotas-demo.myshopify.com/cdn/shop/t/5/assets/jquery.fancybox.minfe14.css]
[eurotas-demo.myshopify.com/cdn/shop/t/5/assets/engo-customize.scss5301.css]
[eurotas-demo.myshopify.com/cdn/shop/t/5/compiled_assets/styles88c6.css]
[eurotas-demo.myshopify.com/cdn/shop/t/5/compiled_assets/scripts88c6.js]
[eurotas-demo.myshopify.com/cdn/shop/t/5/assets/modernizr-2.8.3.minec77.js]
[eurotas-demo.myshopify.com/cdn/shop/t/5/assets/loader8124.gif]
[eurotas-demo.myshopify.com/cdn/shop/t/5/assets/google-mapfbad.jpg]
[eurotas-demo.myshopify.com/cdn/shop/t/5/assets/fastclick0c4f.js]
[eurotas-demo.myshopify.com/cdn/shop/t/5/assets/jquery.currencies.minb970.js]
[eurotas-demo.myshopify.com/cdn/shop/t/5/assets/timberb790.js]
[eurotas-demo.myshopify.com/cdn/shop/t/5/assets/handlebars.min07e0.js]
[eurotas-demo.myshopify.com/cdn/shop/t/5/assets/ajax-cartae23.js]
[eurotas-demo.myshopify.com/cdn/shop/t/5/assets/gmaps.mind43f.js]
[eurotas-demo.myshopify.com/cdn/shop/t/5/assets/bootstrap.bundle.min6c5a.js]
[eurotas-demo.myshopify.com/cdn/shop/t/5/assets/slick.minfc15.js]
[eurotas-demo.myshopify.com/cdn/shop/t/5/assets/jquery.matchHeight9a56.js]
[eurotas-demo.myshopify.com/cdn/shop/t/5/assets/instafeed.min8f1c.js]
[eurotas-demo.myshopify.com/cdn/shop/t/5/assets/jquery.fancybox.mind7ed.js]
[eurotas-demo.myshopify.com/cdn/shop/t/5/assets/engo-pluginscb18.js]
[eurotas-demo.myshopify.com/cdn/shop/t/5/assets/quickview9404.js]
[eurotas-demo.myshopify.com/cdn/shop/t/5/assets/collectione65d.js]
[eurotas-demo.myshopify.com/pages/contact.html]
[eurotas-demo.myshopify.com/cdn/shop/t/5/assets/engo-scripts8a27.js]
[eurotas-demo.myshopify.com/pages/wish-list.html]
[eurotas-demo.myshopify.com/404error.html]
[eurotas-demo.myshopify.com/account/register.html]
[eurotas-demo.myshopify.com/products/air-jordan-xxxiii.html]
[eurotas-demo.myshopify.com/account/login.html]
[eurotas-demo.myshopify.com/cdn/shop/products/product-v1-img2_grande6842.jpg]
[eurotas-demo.myshopify.com/cdn/shop/products/product-v1-img2_medium6842.jpg]
[eurotas-demo.myshopify.com/products/yung-1-shoes.oembed]
[eurotas-demo.myshopify.com/products/yung-1-shoes.html]
[eurotas-demo.myshopify.com/cdn/shop/products/product-v1-img3_grandebb0e.jpg]
[eurotas-demo.myshopify.com/cdn/shop/products/product-v1-img3_mediumbb0e.jpg]
[eurotas-demo.myshopify.com/products/mobius-og.oembed]
[eurotas-demo.myshopify.com/products/mobius-og.html]
[eurotas-demo.myshopify.com/collections/new-arrival/products/air-jordan-xxxiii.html]
[eurotas-demo.myshopify.com/cdn/shop/products/product-v1-img4_grande885d.jpg]
[eurotas-demo.myshopify.com/cdn/shop/products/product-v1-img4_medium885d.jpg]
[eurotas-demo.myshopify.com/products/reebok-split-fuel.oembed]
[eurotas-demo.myshopify.com/products/pod-s3-1-shoes.html]
[eurotas-demo.myshopify.com/cdn/shop/products/product-v1-img985a8.jpg]
[eurotas-demo.myshopify.com/products/reebok-split-fuel.html]
[eurotas-demo.myshopify.com/collections/best-sellers/products/pod-s3-1-shoes.html]
[eurotas-demo.myshopify.com/cart.html]
[eurotas-demo.myshopify.com/cdn/shop/t/18/assets/iconscb24.html]
[eurotas-demo.myshopify.com/cdn/shop/t/18/assets/iconscb24-2.html]
[eurotas-demo.myshopify.com/cdn/shop/t/18/assets/iconscb24-3.html]
[eurotas-demo.myshopify.com/cdn/shop/t/18/assets/iconscb24-4.html]
[eurotas-demo.myshopify.com/cdn/shop/t/18/assets/Linearicons-Free54e9.svg]
[eurotas-demo.myshopify.com/cdn/shop/t/18/assets/themify9f24.svg]
[eurotas-demo.myshopify.com/cdn/shop/t/18/assets/linea-ecommerce-10.svg]
[eurotas-demo.myshopify.com/cdn/shop/t/18/assets/fontawesome-webfont3e6e.svg]
[eurotas-demo.myshopify.com/cdn/shop/t/18/assets/slick.html]
[eurotas-demo.myshopify.com/cdn/shop/t/18/assets/slickd41d.html]
[eurotas-demo.myshopify.com/cdn/shop/t/18/assets/slick-2.html]
[eurotas-demo.myshopify.com/cdn/shop/t/18/assets/slick-3.html]
[eurotas-demo.myshopify.com/cdn/shop/t/18/assets/slick-4.html]
[eurotas-demo.myshopify.com/collections/all2679.html]
[eurotas-demo.myshopify.com/products/copy-of-air-jordan-xxxii.html]
[eurotas-demo.myshopify.com/cdn/shop/products/product-item-img14341.jpg]
[eurotas-demo.myshopify.com/cdn/shop/products/product-item-img29e5c.jpg]
[eurotas-demo.myshopify.com/cdn/shop/products/product-item-img369b7.jpg]
[eurotas-demo.myshopify.com/cdn/shop/products/product-item-img440d4.jpg]
[eurotas-demo.myshopify.com/products/pod-s3-1-shoes-1.html]
[eurotas-demo.myshopify.com/cdn/shop/products/product-v1-img121b92.jpg]
[eurotas-demo.myshopify.com/products/summit-unknown.html]
[eurotas-demo.myshopify.com/cdn/shop/products/product-v1-img8de76.jpg]
[eurotas-demo.myshopify.com/collections/all4658.html]
[eurotas-demo.myshopify.com/collections/POST.html]
[eurotas-demo.myshopify.com/cdn/shop/products/product-v1-img11_grande429e.jpg]
[eurotas-demo.myshopify.com/cdn/shop/products/product-v1-img11_medium429e.jpg]
[eurotas-demo.myshopify.com/products/crazy-byw-x-shoes.oembed]
[eurotas-demo.myshopify.com/products/crazy-byw-x-shoes.html]
[eurotas-demo.myshopify.com/cdn/shop/products/product-5_1525fd60-44a7-4300-8c09-7869ff6eb274_grande45af.jpg]
[eurotas-demo.myshopify.com/cdn/shop/products/product-6_grandefa83.jpg]
[eurotas-demo.myshopify.com/cdn/shop/products/product-7_grande88e2.jpg]
[eurotas-demo.myshopify.com/cdn/shop/products/product-5_1525fd60-44a7-4300-8c09-7869ff6eb274_medium45af.jpg]
[eurotas-demo.myshopify.com/products/jordan-grind-2-unc.oembed]
[eurotas-demo.myshopify.com/products/jordan-grind-2-unc.html]
[eurotas-demo.myshopify.com/cdn/shop/products/product-v1-img7_grande0a34.jpg]
[eurotas-demo.myshopify.com/cdn/shop/products/product-v1-img7_medium0a34.jpg]
[eurotas-demo.myshopify.com/products/jordan-zer0-1-low-n7.oembed]
[eurotas-demo.myshopify.com/products/jordan-zer0-1-low-n7.html]
[eurotas-demo.myshopify.com/cdn/shop/products/product-v1-img6_grande5dc7.jpg]
[eurotas-demo.myshopify.com/cdn/shop/products/product-v1-img6_medium5dc7.jpg]
[eurotas-demo.myshopify.com/products/nemeziz-18-firm-ground-cleats.oembed]
[eurotas-demo.myshopify.com/products/nemeziz-18-firm-ground-cleats.html]
[eurotas-demo.myshopify.com/collections/all9ba9.html]
[eurotas-demo.myshopify.com/cdn/shop/files/slideshow-v3-img1_5888f821-19f1-48be-af9a-975a63701317c4a3.jpg]
[eurotas-demo.myshopify.com/cdn/shop/files/slideshow-v3-img1c4a3.png]
[eurotas-demo.myshopify.com/cdn/shop/files/banner-v4-img1_d7d23fbd-20f6-45bc-b2f9-453de902c514e33e.jpg]
[eurotas-demo.myshopify.com/cdn/shop/files/banner-v5-img243ef.jpg]
[eurotas-demo.myshopify.com/cdn/shop/files/banner-v5-img343ef.jpg]
[eurotas-demo.myshopify.com/cdn/shop/files/banner-v5-img443ef.jpg]
[eurotas-demo.myshopify.com/index98b8.html]
[eurotas-demo.myshopify.com/collections/all98b8.html]
[eurotas-demo.myshopify.com/cdn/shop/t/19/assets/iconscb86.eot]
[eurotas-demo.myshopify.com/cdn/shop/t/19/assets/iconscb86.woff]
[eurotas-demo.myshopify.com/cdn/shop/t/19/assets/iconscb86.ttf]
[eurotas-demo.myshopify.com/cdn/shop/t/19/assets/iconscb86.svg]
[eurotas-demo.myshopify.com/cdn/shop/t/19/assets/timber.scss241a.css]
[eurotas-demo.myshopify.com/cdn/shop/t/19/assets/bootstrap.min1a67.css]
[eurotas-demo.myshopify.com/cdn/shop/t/19/assets/Linearicons-Free54e9.eot]
[eurotas-demo.myshopify.com/cdn/shop/t/19/assets/Linearicons-Freed41d.eot]
[eurotas-demo.myshopify.com/cdn/shop/t/19/assets/Linearicons-Free54e9.woff2]
[eurotas-demo.myshopify.com/cdn/shop/t/19/assets/Linearicons-Free54e9.woff]
[eurotas-demo.myshopify.com/cdn/shop/t/19/assets/Linearicons-Free54e9.ttf]
[eurotas-demo.myshopify.com/cdn/shop/t/19/assets/linearicons4469.css]
[eurotas-demo.myshopify.com/cdn/shop/t/19/assets/Linearicons-Free54e9.svg]
[eurotas-demo.myshopify.com/cdn/shop/t/19/assets/themify9f24.eot]
[eurotas-demo.myshopify.com/cdn/shop/t/19/assets/themifyd41d.eot]
[eurotas-demo.myshopify.com/cdn/shop/t/19/assets/themify9f24.woff]
[eurotas-demo.myshopify.com/cdn/shop/t/19/assets/themify9f24.ttf]
[eurotas-demo.myshopify.com/cdn/shop/t/19/assets/themify-iconsd8b7.css]
[eurotas-demo.myshopify.com/cdn/shop/t/19/assets/themify9f24.svg]
[eurotas-demo.myshopify.com/cdn/shop/t/19/assets/linea-ecommerce-10.eot]
[eurotas-demo.myshopify.com/cdn/shop/t/19/assets/linea-ecommerce-10d41d.eot]
[eurotas-demo.myshopify.com/cdn/shop/t/19/assets/linea-ecommerce-10.woff]
[eurotas-demo.myshopify.com/cdn/shop/t/19/assets/linea-ecommerce-10.ttf]
[eurotas-demo.myshopify.com/cdn/shop/t/19/assets/linea-ecommerce106980.css]
[eurotas-demo.myshopify.com/cdn/shop/t/19/assets/linea-ecommerce-10.svg]
[eurotas-demo.myshopify.com/cdn/shop/t/19/assets/fontawesome-webfont3e6e.eot]
[eurotas-demo.myshopify.com/cdn/shop/t/19/assets/fontawesome-webfontd41d.eot]
[eurotas-demo.myshopify.com/cdn/shop/t/19/assets/fontawesome-webfont3e6e.woff2]
[eurotas-demo.myshopify.com/cdn/shop/t/19/assets/fontawesome-webfont3e6e.woff]
[eurotas-demo.myshopify.com/cdn/shop/t/19/assets/fontawesome-webfont3e6e.ttf]
[eurotas-demo.myshopify.com/cdn/shop/t/19/assets/font-awesome.min1d24.css]
[eurotas-demo.myshopify.com/cdn/shop/t/19/assets/slick0c29.css]
[eurotas-demo.myshopify.com/cdn/shop/t/19/assets/fontawesome-webfont3e6e.svg]
[eurotas-demo.myshopify.com/cdn/shop/t/19/assets/ajax-loader.gif]
[eurotas-demo.myshopify.com/cdn/shop/t/19/assets/slick.eot]
[eurotas-demo.myshopify.com/cdn/shop/t/19/assets/slickd41d.eot]
[eurotas-demo.myshopify.com/cdn/shop/t/19/assets/slick.woff]
[eurotas-demo.myshopify.com/cdn/shop/t/19/assets/slick.ttf]
[eurotas-demo.myshopify.com/cdn/shop/t/19/assets/slick.svg]
[eurotas-demo.myshopify.com/cdn/shop/t/19/assets/slick-themed8d2.css]
[eurotas-demo.myshopify.com/cdn/shop/t/19/assets/jquery.fancybox.min4f11.css]
[eurotas-demo.myshopify.com/cdn/shop/t/19/assets/engo-customize.scss1cfc.css]
[eurotas-demo.myshopify.com/products/POST.html]
[eurotas-demo.myshopify.com/collections/featured-product.atom]
[eurotas-demo.myshopify.com/collections/featured-product.oembed]
[eurotas-demo.myshopify.com/collections/featured-product.html]
[eurotas-demo.myshopify.com/collections/featured-product/products/pod-s3-1-shoes-2.html]
[eurotas-demo.myshopify.com/collections/frontpage.atom]
[eurotas-demo.myshopify.com/collections/frontpage.oembed]
[eurotas-demo.myshopify.com/collections/frontpage/products/pod-s3-1-shoes-2.html]
[eurotas-demo.myshopify.com/collections/frontpage.html]
[eurotas-demo.myshopify.com/collections/frontpage/products/air-jordan-xxxiii.html]
[eurotas-demo.myshopify.com/collections/new-arrival.atom]
[eurotas-demo.myshopify.com/collections/new-arrival4658.html]
[eurotas-demo.myshopify.com/collections/new-arrival.oembed]
[eurotas-demo.myshopify.com/collections/new-arrival.html]
[pinterest.com/pin/create/button/indexbe0b.html]
[eurotas-demo.myshopify.com/products/pod-s3-1-shoes-2.html]
[pinterest.com/pin/create/button/indexce57.html]
[eurotas-demo.myshopify.com/collections/featured-product/products/POST]
[eurotas-demo.myshopify.com/collections/featured-product/products/air-jordan-xxxiii.html]
[eurotas-demo.myshopify.com/cdn/shop/t/20/assets/logo88c6.html]
[eurotas-demo.myshopify.com/cdn/shop/t/20/assets/icons0111.eot]
[eurotas-demo.myshopify.com/cdn/shop/t/20/assets/icons0111.woff]
[eurotas-demo.myshopify.com/cdn/shop/t/20/assets/icons0111.ttf]
[eurotas-demo.myshopify.com/cdn/shop/t/20/assets/icons0111.svg]
[eurotas-demo.myshopify.com/cdn/shop/t/20/assets/timber.scssf8ca.css]
[eurotas-demo.myshopify.com/cdn/shop/t/20/assets/bootstrap.minee86.css]
[eurotas-demo.myshopify.com/cdn/shop/t/20/assets/Linearicons-Free54e9.eot]
[eurotas-demo.myshopify.com/cdn/shop/t/20/assets/Linearicons-Freed41d.eot]
[eurotas-demo.myshopify.com/cdn/shop/t/20/assets/Linearicons-Free54e9.woff2]
[eurotas-demo.myshopify.com/cdn/shop/t/20/assets/Linearicons-Free54e9.woff]
[eurotas-demo.myshopify.com/cdn/shop/t/20/assets/Linearicons-Free54e9.ttf]
[eurotas-demo.myshopify.com/cdn/shop/t/20/assets/linearicons65b1.css]
[eurotas-demo.myshopify.com/cdn/shop/t/20/assets/Linearicons-Free54e9.svg]
[eurotas-demo.myshopify.com/cdn/shop/t/20/assets/themify9f24.eot]
[eurotas-demo.myshopify.com/cdn/shop/t/20/assets/themifyd41d.eot]
[eurotas-demo.myshopify.com/cdn/shop/t/20/assets/themify9f24.woff]
[eurotas-demo.myshopify.com/cdn/shop/t/20/assets/themify9f24.ttf]
[eurotas-demo.myshopify.com/cdn/shop/t/20/assets/themify-icons10ec.css]
[eurotas-demo.myshopify.com/cdn/shop/t/20/assets/themify9f24.svg]
[eurotas-demo.myshopify.com/cdn/shop/t/20/assets/linea-ecommerce-10.eot]
[eurotas-demo.myshopify.com/cdn/shop/t/20/assets/linea-ecommerce-10d41d.eot]
[eurotas-demo.myshopify.com/cdn/shop/t/20/assets/linea-ecommerce-10.woff]
[eurotas-demo.myshopify.com/cdn/shop/t/20/assets/linea-ecommerce-10.ttf]
[eurotas-demo.myshopify.com/cdn/shop/t/20/assets/linea-ecommerce107229.css]
[eurotas-demo.myshopify.com/cdn/shop/t/20/assets/linea-ecommerce-10.svg]
[eurotas-demo.myshopify.com/cdn/shop/t/20/assets/fontawesome-webfont3e6e.eot]
[eurotas-demo.myshopify.com/cdn/shop/t/20/assets/fontawesome-webfontd41d.eot]
[eurotas-demo.myshopify.com/cdn/shop/t/20/assets/fontawesome-webfont3e6e.woff2]
[eurotas-demo.myshopify.com/cdn/shop/t/20/assets/fontawesome-webfont3e6e.woff]
[eurotas-demo.myshopify.com/cdn/shop/t/20/assets/fontawesome-webfont3e6e.ttf]
[eurotas-demo.myshopify.com/cdn/shop/t/20/assets/font-awesome.min8a70.css]
[eurotas-demo.myshopify.com/cdn/shop/t/20/assets/slicke19e.css]
[eurotas-demo.myshopify.com/cdn/shop/t/20/assets/fontawesome-webfont3e6e.svg]
[eurotas-demo.myshopify.com/cdn/shop/t/20/assets/ajax-loader.gif]
[eurotas-demo.myshopify.com/cdn/shop/t/20/assets/slick.eot]
[eurotas-demo.myshopify.com/cdn/shop/t/20/assets/slickd41d.eot]
[eurotas-demo.myshopify.com/cdn/shop/t/20/assets/slick.woff]
[eurotas-demo.myshopify.com/cdn/shop/t/20/assets/slick.ttf]
[eurotas-demo.myshopify.com/cdn/shop/t/20/assets/slick.svg]
[eurotas-demo.myshopify.com/cdn/shop/t/20/assets/slick-theme3fff.css]
[eurotas-demo.myshopify.com/cdn/shop/t/20/assets/jquery.fancybox.minfe59.css]
[eurotas-demo.myshopify.com/cdn/shop/t/20/assets/engo-customize.scss8808.css]
[eurotas-demo.myshopify.com/account/POST.html]
[eurotas-demo.myshopify.com/cdn/shop/t/20/compiled_assets/styles88c6.css]
[eurotas-demo.myshopify.com/collections/best-sellers.atom]
[eurotas-demo.myshopify.com/collections/best-sellers4658.html]
[eurotas-demo.myshopify.com/collections/best-sellers.oembed]
[eurotas-demo.myshopify.com/collections/best-sellers.html]
[eurotas-demo.myshopify.com/blogs/news4658.html]
[eurotas-demo.myshopify.com/blogs/POST]
[eurotas-demo.myshopify.com/blogs/news/nike-adds-leather-uppers-to-the.html]
[eurotas-demo.myshopify.com/cdn/shop/articles/blog4_1024x1024a64e.jpg]
[eurotas-demo.myshopify.com/blogs/news/paul-george-debuts-the-nike-pg3-in.html]
[eurotas-demo.myshopify.com/cdn/shop/articles/blog5_1024x1024f411.jpg]
[eurotas-demo.myshopify.com/blogs/news/shoes-for-the-big-day-2.html]
[eurotas-demo.myshopify.com/cdn/shop/articles/blog6_1024x10246f35.jpg]
[eurotas-demo.myshopify.com/blogs/news/native-shoes-x-goop.html]
[eurotas-demo.myshopify.com/cdn/shop/articles/blog7_1024x10247b3d.jpg]
[eurotas-demo.myshopify.com/blogs/news/studio-series-oribu-yokota.html]
[eurotas-demo.myshopify.com/cdn/shop/articles/blog8_1024x1024ddde.jpg]
[eurotas-demo.myshopify.com/cdn/shop/articles/blog9_1024x1024f143.jpg]
[eurotas-demo.myshopify.com/blogs/news/the-treklite-collection.html]
[eurotas-demo.myshopify.com/cdn/shop/articles/blog10_1024x1024a82f.jpg]
[eurotas-demo.myshopify.com/blogs/recent-post/the-treklite-collection-1.html]
[eurotas-demo.myshopify.com/cdn/shop/articles/blog-1_1024x1024b0c4.jpg]
[eurotas-demo.myshopify.com/blogs/recent-post/slim-aarons-portraits-of-post.html]
[eurotas-demo.myshopify.com/cdn/shop/articles/blog-2_1024x1024c473.jpg]
[eurotas-demo.myshopify.com/blogs/recent-post/the-art-of-style-with-andy-dixon.html]
[eurotas-demo.myshopify.com/cdn/shop/articles/blog-3_1024x10246c33.jpg]
[eurotas-demo.myshopify.com/blogs/recent-post/beast-free-recipe-series-salted.html]
[eurotas-demo.myshopify.com/cdn/shop/articles/blog-4_1024x102493de.jpg]
[eurotas-demo.myshopify.com/blogs/news98b8.html]
[eurotas-demo.myshopify.com/blogs/news/POST.html]
[eurotas-demo.myshopify.com/blogs/news.html]
[eurotas-demo.myshopify.com/blogs/news/the-love-at-first-sight-boots.html]
[eurotas-demo.myshopify.com/blogs/news/shoes-for-the-big-day-1.html]
[eurotas-demo.myshopify.com/blogs/news/shoes-for-the-big-day.html]
[eurotas-demo.myshopify.com/blogs/news/tagged/art.atom]
[eurotas-demo.myshopify.com/blogs/news/tagged/POST]
[eurotas-demo.myshopify.com/blogs/news/tagged/art.html]
[eurotas-demo.myshopify.com/blogs/news/tagged/creative.atom]
[eurotas-demo.myshopify.com/blogs/news/tagged/creative.html]
[eurotas-demo.myshopify.com/blogs/news/tagged/emagazine.atom]
[eurotas-demo.myshopify.com/blogs/news/fh.html]
[eurotas-demo.myshopify.com/cdn/shop/articles/blog-3_e147df60-c16e-410c-9de0-74bd8c454efb_1024x10248357.jpg]
[eurotas-demo.myshopify.com/blogs/news/tagged/emagazine.html]
[eurotas-demo.myshopify.com/blogs/news/tagged/fashion.atom]
[eurotas-demo.myshopify.com/blogs/news/tagged/fashion.html]
[eurotas-demo.myshopify.com/blogs/news/tagged/high-top.atom]
[eurotas-demo.myshopify.com/blogs/news/tagged/high-top.html]
[eurotas-demo.myshopify.com/blogs/news/tagged/lifestyle.atom]
[eurotas-demo.myshopify.com/blogs/news/tagged/lifestyle.html]
[eurotas-demo.myshopify.com/blogs/news/tagged/running.atom]
[eurotas-demo.myshopify.com/blogs/news/tagged/running.html]
[eurotas-demo.myshopify.com/blogs/news/tagged/shoes.atom]
[eurotas-demo.myshopify.com/blogs/news/tagged/shoes.html]
[eurotas-demo.myshopify.com/blogs/news/tagged/slides.atom]
[eurotas-demo.myshopify.com/blogs/news/tagged/slides.html]
[eurotas-demo.myshopify.com/blogs/news/tagged/sneaker.atom]
[eurotas-demo.myshopify.com/blogs/news/tagged/sneaker.html]
[eurotas-demo.myshopify.com/blogs/news/tagged/sports.atom]
[eurotas-demo.myshopify.com/blogs/news/tagged/sports.html]
[eurotas-demo.myshopify.com/cdn/shop/t/19/assets/logo88c6.html]
[eurotas-demo.myshopify.com/cdn/shop/t/19/compiled_assets/styles88c6.css]
[eurotas-demo.myshopify.com/pages/POST.html]
[eurotas-demo.myshopify.com/cdn/shop/t/5/assets/logo88c6.html]
[eurotas-demo.myshopify.com/cdn/shop/t/5/assets/iconsa433.eot]
[eurotas-demo.myshopify.com/cdn/shop/t/5/assets/iconsa433.woff]
[eurotas-demo.myshopify.com/cdn/shop/t/5/assets/iconsa433.ttf]
[eurotas-demo.myshopify.com/cdn/shop/t/5/assets/iconsa433.svg]
[eurotas-demo.myshopify.com/cdn/shop/t/5/assets/timber.scss701b.css]
[eurotas-demo.myshopify.com/cdn/shop/t/5/assets/bootstrap.min6531.css]
[eurotas-demo.myshopify.com/cdn/shop/t/5/assets/Linearicons-Free54e9.eot]
[eurotas-demo.myshopify.com/cdn/shop/t/5/assets/Linearicons-Freed41d.eot]
[eurotas-demo.myshopify.com/cdn/shop/t/5/assets/Linearicons-Free54e9.woff2]
[eurotas-demo.myshopify.com/cdn/shop/t/5/assets/Linearicons-Free54e9.woff]
[eurotas-demo.myshopify.com/cdn/shop/t/5/assets/Linearicons-Free54e9.ttf]
[eurotas-demo.myshopify.com/cdn/shop/t/5/assets/linearicons3f40.css]
[eurotas-demo.myshopify.com/cdn/shop/t/5/assets/Linearicons-Free54e9.svg]
[eurotas-demo.myshopify.com/cdn/shop/t/5/assets/themify9f24.eot]
[eurotas-demo.myshopify.com/cdn/shop/t/5/assets/themifyd41d.eot]
[eurotas-demo.myshopify.com/cdn/shop/t/5/assets/themify9f24.woff]
[eurotas-demo.myshopify.com/cdn/shop/t/5/assets/themify9f24.ttf]
[eurotas-demo.myshopify.com/cdn/shop/t/5/assets/themify-icons8483.css]
[eurotas-demo.myshopify.com/cdn/shop/t/5/assets/themify9f24.svg]
[eurotas-demo.myshopify.com/cdn/shop/t/5/assets/linea-ecommerce-10.eot]
[eurotas-demo.myshopify.com/cdn/shop/t/5/assets/linea-ecommerce-10d41d.eot]
[eurotas-demo.myshopify.com/cdn/shop/t/5/assets/linea-ecommerce-10.woff]
[eurotas-demo.myshopify.com/cdn/shop/t/5/assets/linea-ecommerce-10.ttf]
[eurotas-demo.myshopify.com/cdn/shop/t/5/assets/linea-ecommerce10e6ac.css]
[eurotas-demo.myshopify.com/cdn/shop/t/5/assets/linea-ecommerce-10.svg]
[eurotas-demo.myshopify.com/cdn/shop/t/5/assets/fontawesome-webfont3e6e.eot]
[eurotas-demo.myshopify.com/cdn/shop/t/5/assets/fontawesome-webfont3e6e.woff2]
[eurotas-demo.myshopify.com/cdn/shop/t/5/assets/fontawesome-webfontd41d.eot]
[eurotas-demo.myshopify.com/cdn/shop/t/5/assets/fontawesome-webfont3e6e.woff]
[eurotas-demo.myshopify.com/cdn/shop/t/5/assets/fontawesome-webfont3e6e.ttf]
[eurotas-demo.myshopify.com/cdn/shop/t/5/assets/font-awesome.min4552.css]
[eurotas-demo.myshopify.com/cdn/shop/t/5/assets/slick9754.css]
[eurotas-demo.myshopify.com/cdn/shop/t/5/assets/fontawesome-webfont3e6e.svg]
[eurotas-demo.myshopify.com/cdn/shop/t/5/assets/ajax-loader.gif]
[eurotas-demo.myshopify.com/cdn/shop/t/5/assets/slick.eot]
[eurotas-demo.myshopify.com/cdn/shop/t/5/assets/slickd41d.eot]
[eurotas-demo.myshopify.com/cdn/shop/t/5/assets/slick.woff]
[eurotas-demo.myshopify.com/cdn/shop/t/5/assets/slick.ttf]
[eurotas-demo.myshopify.com/cdn/shop/t/5/assets/slick.svg]
[eurotas-demo.myshopify.com/cdn/shop/t/5/assets/slick-theme5377.css]
[eurotas-demo.myshopify.com/cdn/shop/t/5/assets/jquery.fancybox.minfe14.css]
[eurotas-demo.myshopify.com/cdn/shop/t/5/assets/engo-customize.scss5301.css]
[eurotas-demo.myshopify.com/cdn/shop/t/5/compiled_assets/styles88c6.css]
[eurotas-demo.myshopify.com/account/register.html]
[pinterest.com/pin/create/button/index0993.html]
[pinterest.com/pin/create/button/index6849.html]
[eurotas-demo.myshopify.com/collections/new-arrival/products/POST]
[eurotas-demo.myshopify.com/collections/new-arrival/products/air-jordan-xxxiii.html]
[pinterest.com/pin/create/button/indexa86e.html]
[eurotas-demo.myshopify.com/cdn/shop/products/product-v1-img9_grande85a8.jpg]
[eurotas-demo.myshopify.com/cdn/shop/products/product-v1-img9_medium85a8.jpg]
[eurotas-demo.myshopify.com/products/pod-s3-1-shoes.oembed]
[eurotas-demo.myshopify.com/products/pod-s3-1-shoes.html]
[eurotas-demo.myshopify.com/collections/best-sellers/products/POST]
[eurotas-demo.myshopify.com/collections/best-sellers/products/pod-s3-1-shoes.html]
[eurotas-demo.myshopify.com/collections/all2679.html]
[eurotas-demo.myshopify.com/cdn/shop/products/BG-1_grande3d67.png]
[eurotas-demo.myshopify.com/cdn/shop/products/BG-2_grande3d67.png]
[eurotas-demo.myshopify.com/cdn/shop/products/BG_grande3d67.png]
[eurotas-demo.myshopify.com/cdn/shop/products/BG-1_medium3d67.png]
[eurotas-demo.myshopify.com/products/copy-of-air-jordan-xxxii.oembed]
[eurotas-demo.myshopify.com/cdn/shopifycloud/shopify/assets/no-image-2048-5e88c1b20e087fb7bbe9a3771824e743c244f437e4f8ba93bbf7b11b53f7824c.gif]
[eurotas-demo.myshopify.com/products/copy-of-air-jordan-xxxii.html]
[eurotas-demo.myshopify.com/cdn/shop/products/product-v1-img12_grande1b92.jpg]
[eurotas-demo.myshopify.com/cdn/shop/products/product-v1-img12_medium1b92.jpg]
[eurotas-demo.myshopify.com/products/pod-s3-1-shoes-1.oembed]
[eurotas-demo.myshopify.com/products/pod-s3-1-shoes-1.html]
[eurotas-demo.myshopify.com/cdn/shop/products/product-v1-img8_grandede76.jpg]
[eurotas-demo.myshopify.com/cdn/shop/products/product-v1-img8_mediumde76.jpg]
[eurotas-demo.myshopify.com/products/summit-unknown.oembed]
[eurotas-demo.myshopify.com/products/summit-unknown.html]
[pinterest.com/pin/create/button/indexd5ea.html]
[pinterest.com/pin/create/button/index9bd3.html]
[pinterest.com/pin/create/button/index5981.html]
[pinterest.com/pin/create/button/indexe758.html]
[eurotas-demo.myshopify.com/cdn/shop/t/19/assets/iconscb86.html]
[eurotas-demo.myshopify.com/cdn/shop/t/19/assets/iconscb86-2.html]
[eurotas-demo.myshopify.com/cdn/shop/t/19/assets/iconscb86-3.html]
[eurotas-demo.myshopify.com/cdn/shop/t/19/assets/iconscb86-4.html]
[eurotas-demo.myshopify.com/cdn/shop/t/19/assets/Linearicons-Free54e9.svg]
[eurotas-demo.myshopify.com/cdn/shop/t/19/assets/themify9f24.svg]
[eurotas-demo.myshopify.com/cdn/shop/t/19/assets/linea-ecommerce-10.svg]
[eurotas-demo.myshopify.com/cdn/shop/t/19/assets/fontawesome-webfont3e6e.svg]
[eurotas-demo.myshopify.com/cdn/shop/t/19/assets/slick.html]
[eurotas-demo.myshopify.com/cdn/shop/t/19/assets/slickd41d.html]
[eurotas-demo.myshopify.com/cdn/shop/t/19/assets/slick-2.html]
[eurotas-demo.myshopify.com/cdn/shop/t/19/assets/slick-3.html]
[eurotas-demo.myshopify.com/cdn/shop/t/19/assets/slick-4.html]
[eurotas-demo.myshopify.com/collections/featured-product/products/pod-s3-1-shoes-2.html]
[eurotas-demo.myshopify.com/collections/frontpage/products/POST]
[eurotas-demo.myshopify.com/collections/frontpage/products/pod-s3-1-shoes-2.html]
[eurotas-demo.myshopify.com/collections/frontpage/products/air-jordan-xxxiii.html]
[eurotas-demo.myshopify.com/collections/new-arrival2679.html]
[eurotas-demo.myshopify.com/collections/new-arrival4658.oembed]
[eurotas-demo.myshopify.com/collections/new-arrival4658.html]
[eurotas-demo.myshopify.com/collections/new-arrival/products/pod-s3-1-shoes-2.html]
[pinterest.com/pin/create/button/indexb424.html]
[pinterest.com/pin/create/button/indexe7a6.html]
[eurotas-demo.myshopify.com/collections/featured-product/products/POST.html]
[eurotas-demo.myshopify.com/cdn/shop/t/20/assets/icons0111.html]
[eurotas-demo.myshopify.com/cdn/shop/t/20/assets/icons0111-2.html]
[eurotas-demo.myshopify.com/cdn/shop/t/20/assets/icons0111-3.html]
[eurotas-demo.myshopify.com/cdn/shop/t/20/assets/icons0111-4.html]
[eurotas-demo.myshopify.com/cdn/shop/t/20/assets/Linearicons-Free54e9.svg]
[eurotas-demo.myshopify.com/cdn/shop/t/20/assets/themify9f24.svg]
[eurotas-demo.myshopify.com/cdn/shop/t/20/assets/linea-ecommerce-10.svg]
[eurotas-demo.myshopify.com/cdn/shop/t/20/assets/fontawesome-webfont3e6e.svg]
[eurotas-demo.myshopify.com/cdn/shop/t/20/assets/slick.html]
[eurotas-demo.myshopify.com/cdn/shop/t/20/assets/slickd41d.html]
[eurotas-demo.myshopify.com/cdn/shop/t/20/assets/slick-2.html]
[eurotas-demo.myshopify.com/cdn/shop/t/20/assets/slick-3.html]
[eurotas-demo.myshopify.com/cdn/shop/t/20/assets/slick-4.html]
[eurotas-demo.myshopify.com/collections/best-sellers2679.html]
[eurotas-demo.myshopify.com/collections/best-sellers4658.oembed]
[eurotas-demo.myshopify.com/collections/best-sellers4658.html]
[eurotas-demo.myshopify.com/blogs/news4658.html]
[eurotas-demo.myshopify.com/blogs/POST.html]
[eurotas-demo.myshopify.com/blogs/news/nike-adds-leather-uppers-to-the.html]
[eurotas-demo.myshopify.com/blogs/news/paul-george-debuts-the-nike-pg3-in.html]
[eurotas-demo.myshopify.com/blogs/news/shoes-for-the-big-day-2.html]
[eurotas-demo.myshopify.com/blogs/news/native-shoes-x-goop.html]
[eurotas-demo.myshopify.com/blogs/news/studio-series-oribu-yokota.html]
[eurotas-demo.myshopify.com/blogs/news/the-treklite-collection.html]
[eurotas-demo.myshopify.com/blogs/news2679.html]
[eurotas-demo.myshopify.com/blogs/news/shoes-for-the-big-day-2/index.html]
[eurotas-demo.myshopify.com/blogs/recent-post.atom]
[eurotas-demo.myshopify.com/blogs/news/the-treklite-collection/index.html]
[eurotas-demo.myshopify.com/blogs/recent-post/POST]
[eurotas-demo.myshopify.com/blogs/recent-post/the-treklite-collection-1.html]
[eurotas-demo.myshopify.com/blogs/recent-post/slim-aarons-portraits-of-post.html]
[eurotas-demo.myshopify.com/blogs/recent-post/the-art-of-style-with-andy-dixon.html]
[eurotas-demo.myshopify.com/blogs/recent-post/beast-free-recipe-series-salted.html]
[eurotas-demo.myshopify.com/blogs/news/tagged/POST.html]
[eurotas-demo.myshopify.com/blogs/news/fh.html]
[eurotas-demo.myshopify.com/cdn/shop/t/5/assets/iconsa433.html]
[eurotas-demo.myshopify.com/cdn/shop/t/5/assets/iconsa433-2.html]
[eurotas-demo.myshopify.com/cdn/shop/t/5/assets/iconsa433-3.html]
[eurotas-demo.myshopify.com/cdn/shop/t/5/assets/iconsa433-4.html]
[eurotas-demo.myshopify.com/cdn/shop/t/5/assets/Linearicons-Free54e9.svg]
[eurotas-demo.myshopify.com/cdn/shop/t/5/assets/themify9f24.svg]
[eurotas-demo.myshopify.com/cdn/shop/t/5/assets/linea-ecommerce-10.svg]
[eurotas-demo.myshopify.com/cdn/shop/t/5/assets/fontawesome-webfont3e6e.svg]
[eurotas-demo.myshopify.com/cdn/shop/t/5/assets/slick.html]
[eurotas-demo.myshopify.com/cdn/shop/t/5/assets/slickd41d.html]
[eurotas-demo.myshopify.com/cdn/shop/t/5/assets/slick-2.html]
[eurotas-demo.myshopify.com/cdn/shop/t/5/assets/slick-3.html]
[eurotas-demo.myshopify.com/cdn/shop/t/5/assets/slick-4.html]
[pinterest.com/pin/create/button/index979a.html]
[pinterest.com/pin/create/button/index31f7.html]
[eurotas-demo.myshopify.com/collections/new-arrival/products/POST.html]
[pinterest.com/pin/create/button/indexde3e.html]
[pinterest.com/pin/create/button/index6313.html]
[eurotas-demo.myshopify.com/collections/best-sellers/products/POST.html]
[pinterest.com/pin/create/button/indexe5bb.html]
[pinterest.com/pin/create/button/indexb05e.html]
[pinterest.com/pin/create/button/index6b25.html]
[pinterest.com/pin/create/button/index51b1.html]
[pinterest.com/pin/create/button/index9db6.html]
[pinterest.com/pin/create/button/index5e96.html]
[pinterest.com/pin/create/button/indexebfd.html]
[eurotas-demo.myshopify.com/collections/frontpage/products/POST.html]
[eurotas-demo.myshopify.com/collections/new-arrival2679.html]
[eurotas-demo.myshopify.com/collections/new-arrival/products/pod-s3-1-shoes-2.html]
[eurotas-demo.myshopify.com/blogs/recent-post.html]
[eurotas-demo.myshopify.com/collections/best-sellers2679.html]
[eurotas-demo.myshopify.com/blogs/news2679.html]
[eurotas-demo.myshopify.com/blogs/news/shoes-for-the-big-day-2/POST]
[eurotas-demo.myshopify.com/blogs/news/shoes-for-the-big-day-2/index.html]
[eurotas-demo.myshopify.com/blogs/news/the-treklite-collection/POST]
[eurotas-demo.myshopify.com/blogs/news/the-treklite-collection/index.html]
[eurotas-demo.myshopify.com/blogs/recent-post/POST.html]
[eurotas-demo.myshopify.com/blogs/recent-post.html]
[pinterest.com/pin/create/button/index7870.html]
[pinterest.com/pin/create/button/index48b4.html]
[pinterest.com/pin/create/button/index4f13.html]
[pinterest.com/pin/create/button/index26f1.html]
[eurotas-demo.myshopify.com/blogs/news/shoes-for-the-big-day-2/POST.html]
[eurotas-demo.myshopify.com/blogs/news/the-treklite-collection/POST.html]
